// Jest Snapshot v1, https://goo.gl/fbAQLP

exports[`matches snapshot 1`] = `
<div>
  <section>
    <label>
      Type
      <select>
        <option
          value="All"
        >
          All
        </option>
        <option
          value="test1"
        >
          test1
        </option>
        <option
          value="test2"
        >
          test2
        </option>
        <option
          value="test3"
        >
          test3
        </option>
      </select>
    </label>
  </section>
</div>
`;
